// Jest Snapshot v1, https://goo.gl/fbAQLP

exports[`compress string 1`] = `
"(function (global, factory) {
	typeof exports === 'object' && typeof module !== 'undefined' ? module.exports = factory() :
	typeof define === 'function' && define.amd ? define(factory) :
	(global.roly = factory());
}(this, (function () { 'use strict';

var compress = function () { return 1; };

return compress;

})));
"
`;

exports[`compress string 2`] = `
"'use strict';

var compress = function () { return 1; };

module.exports = compress;
"
`;

exports[`compress string 3`] = `
"\\"use strict\\";var compress=function(){return 1};module.exports=compress;
"
`;

exports[`compress true 1`] = `
"(function (global, factory) {
	typeof exports === 'object' && typeof module !== 'undefined' ? module.exports = factory() :
	typeof define === 'function' && define.amd ? define(factory) :
	(global.roly = factory());
}(this, (function () { 'use strict';

var compress = function () { return 1; };

return compress;

})));
"
`;

exports[`compress true 2`] = `
"'use strict';

var compress = function () { return 1; };

module.exports = compress;
"
`;

exports[`compress true 3`] = `
"!function(e,n){\\"object\\"==typeof exports&&\\"undefined\\"!=typeof module?module.exports=n():\\"function\\"==typeof define&&define.amd?define(n):e.roly=n()}(this,function(){\\"use strict\\";return function(){return 1}});
"
`;

exports[`compress true 4`] = `
"\\"use strict\\";var compress=function(){return 1};module.exports=compress;
"
`;
